// Jest Snapshot v1, https://goo.gl/fbAQLP

exports[`AdminSelectors matches snapshot 1`] = `
initialize {
  "0": Object {
    "attribs": Object {},
    "children": Array [
      Object {
        "attribs": Object {
          "class": "MuiFormControl-root-2 AdminSelectors-formControl-1",
        },
        "children": Array [
          Object {
            "attribs": Object {
              "class": "MuiFormLabel-root-13 MuiInputLabel-root-6 MuiInputLabel-formControl-7 MuiInputLabel-animated-10",
              "data-shrink": "false",
              "for": "station-select",
            },
            "children": Array [
              Object {
                "data": "Station",
                "next": null,
                "parent": [Circular],
                "prev": null,
                "type": "text",
              },
            ],
            "name": "label",
            "namespace": "http://www.w3.org/1999/xhtml",
            "next": Object {
              "attribs": Object {
                "class": "MuiInputBase-root-40 MuiInput-root-27 MuiInput-underline-31 MuiInputBase-formControl-41 MuiInput-formControl-28",
              },
              "children": Array [
                Object {
                  "attribs": Object {
                    "class": "MuiSelect-root-20",
                  },
                  "children": Array [
                    Object {
                      "attribs": Object {
                        "aria-haspopup": "true",
                        "aria-pressed": "false",
                        "class": "MuiSelect-select-21 MuiSelect-selectMenu-24 MuiInputBase-input-50 MuiInput-input-35",
                        "role": "button",
                        "tabindex": "0",
                      },
                      "children": Array [
                        Object {
                          "attribs": Object {},
                          "children": Array [
                            Object {
                              "data": "â€‹",
                              "next": null,
                              "parent": [Circular],
                              "prev": null,
                              "type": "text",
                            },
                          ],
                          "name": "span",
                          "namespace": "http://www.w3.org/1999/xhtml",
                          "next": null,
                          "parent": [Circular],
                          "prev": null,
                          "type": "tag",
                          "x-attribsNamespace": Object {},
                          "x-attribsPrefix": Object {},
                        },
                      ],
                      "name": "div",
                      "namespace": "http://www.w3.org/1999/xhtml",
                      "next": Object {
                        "attribs": Object {
                          "id": "station-select",
                          "name": "stationID",
                          "type": "hidden",
                          "value": "",
                        },
                        "children": Array [],
                        "name": "input",
                        "namespace": "http://www.w3.org/1999/xhtml",
                        "next": Object {
                          "attribs": Object {
                            "aria-hidden": "true",
                            "class": "MuiSvgIcon-root-57 MuiSelect-icon-26",
                            "focusable": "false",
                            "role": "presentation",
                            "viewBox": "0 0 24 24",
                          },
                          "children": Array [
                            Object {
                              "attribs": Object {
                                "d": "M7 10l5 5 5-5z",
                              },
                              "children": Array [],
                              "name": "path",
                              "namespace": "http://www.w3.org/2000/svg",
                              "next": null,
                              "parent": [Circular],
                              "prev": null,
                              "type": "tag",
                              "x-attribsNamespace": Object {
                                "d": undefined,
                              },
                              "x-attribsPrefix": Object {
                                "d": undefined,
                              },
                            },
                          ],
                          "name": "svg",
                          "namespace": "http://www.w3.org/2000/svg",
                          "next": null,
                          "parent": [Circular],
                          "prev": [Circular],
                          "type": "tag",
                          "x-attribsNamespace": Object {
                            "aria-hidden": undefined,
                            "class": undefined,
                            "focusable": undefined,
                            "role": undefined,
                            "viewBox": undefined,
                          },
                          "x-attribsPrefix": Object {
                            "aria-hidden": undefined,
                            "class": undefined,
                            "focusable": undefined,
                            "role": undefined,
                            "viewBox": undefined,
                          },
                        },
                        "parent": [Circular],
                        "prev": [Circular],
                        "type": "tag",
                        "x-attribsNamespace": Object {
                          "id": undefined,
                          "name": undefined,
                          "type": undefined,
                          "value": undefined,
                        },
                        "x-attribsPrefix": Object {
                          "id": undefined,
                          "name": undefined,
                          "type": undefined,
                          "value": undefined,
                        },
                      },
                      "parent": [Circular],
                      "prev": null,
                      "type": "tag",
                      "x-attribsNamespace": Object {
                        "aria-haspopup": undefined,
                        "aria-pressed": undefined,
                        "class": undefined,
                        "role": undefined,
                        "tabindex": undefined,
                      },
                      "x-attribsPrefix": Object {
                        "aria-haspopup": undefined,
                        "aria-pressed": undefined,
                        "class": undefined,
                        "role": undefined,
                        "tabindex": undefined,
                      },
                    },
                    Object {
                      "attribs": Object {
                        "id": "station-select",
                        "name": "stationID",
                        "type": "hidden",
                        "value": "",
                      },
                      "children": Array [],
                      "name": "input",
                      "namespace": "http://www.w3.org/1999/xhtml",
                      "next": Object {
                        "attribs": Object {
                          "aria-hidden": "true",
                          "class": "MuiSvgIcon-root-57 MuiSelect-icon-26",
                          "focusable": "false",
                          "role": "presentation",
                          "viewBox": "0 0 24 24",
                        },
                        "children": Array [
                          Object {
                            "attribs": Object {
                              "d": "M7 10l5 5 5-5z",
                            },
                            "children": Array [],
                            "name": "path",
                            "namespace": "http://www.w3.org/2000/svg",
                            "next": null,
                            "parent": [Circular],
                            "prev": null,
                            "type": "tag",
                            "x-attribsNamespace": Object {
                              "d": undefined,
                            },
                            "x-attribsPrefix": Object {
                              "d": undefined,
                            },
                          },
                        ],
                        "name": "svg",
                        "namespace": "http://www.w3.org/2000/svg",
                        "next": null,
                        "parent": [Circular],
                        "prev": [Circular],
                        "type": "tag",
                        "x-attribsNamespace": Object {
                          "aria-hidden": undefined,
                          "class": undefined,
                          "focusable": undefined,
                          "role": undefined,
                          "viewBox": undefined,
                        },
                        "x-attribsPrefix": Object {
                          "aria-hidden": undefined,
                          "class": undefined,
                          "focusable": undefined,
                          "role": undefined,
                          "viewBox": undefined,
                        },
                      },
                      "parent": [Circular],
                      "prev": Object {
                        "attribs": Object {
                          "aria-haspopup": "true",
                          "aria-pressed": "false",
                          "class": "MuiSelect-select-21 MuiSelect-selectMenu-24 MuiInputBase-input-50 MuiInput-input-35",
                          "role": "button",
                          "tabindex": "0",
                        },
                        "children": Array [
                          Object {
                            "attribs": Object {},
                            "children": Array [
                              Object {
                                "data": "â€‹",
                                "next": null,
                                "parent": [Circular],
                                "prev": null,
                                "type": "text",
                              },
                            ],
                            "name": "span",
                            "namespace": "http://www.w3.org/1999/xhtml",
                            "next": null,
                            "parent": [Circular],
                            "prev": null,
                            "type": "tag",
                            "x-attribsNamespace": Object {},
                            "x-attribsPrefix": Object {},
                          },
                        ],
                        "name": "div",
                        "namespace": "http://www.w3.org/1999/xhtml",
                        "next": [Circular],
                        "parent": [Circular],
                        "prev": null,
                        "type": "tag",
                        "x-attribsNamespace": Object {
                          "aria-haspopup": undefined,
                          "aria-pressed": undefined,
                          "class": undefined,
                          "role": undefined,
                          "tabindex": undefined,
                        },
                        "x-attribsPrefix": Object {
                          "aria-haspopup": undefined,
                          "aria-pressed": undefined,
                          "class": undefined,
                          "role": undefined,
                          "tabindex": undefined,
                        },
                      },
                      "type": "tag",
                      "x-attribsNamespace": Object {
                        "id": undefined,
                        "name": undefined,
                        "type": undefined,
                        "value": undefined,
                      },
                      "x-attribsPrefix": Object {
                        "id": undefined,
                        "name": undefined,
                        "type": undefined,
                        "value": undefined,
                      },
                    },
                    Object {
                      "attribs": Object {
                        "aria-hidden": "true",
                        "class": "MuiSvgIcon-root-57 MuiSelect-icon-26",
                        "focusable": "false",
                        "role": "presentation",
                        "viewBox": "0 0 24 24",
                      },
                      "children": Array [
                        Object {
                          "attribs": Object {
                            "d": "M7 10l5 5 5-5z",
                          },
                          "children": Array [],
                          "name": "path",
                          "namespace": "http://www.w3.org/2000/svg",
                          "next": null,
                          "parent": [Circular],
                          "prev": null,
                          "type": "tag",
                          "x-attribsNamespace": Object {
                            "d": undefined,
                          },
                          "x-attribsPrefix": Object {
                            "d": undefined,
                          },
                        },
                      ],
                      "name": "svg",
                      "namespace": "http://www.w3.org/2000/svg",
                      "next": null,
                      "parent": [Circular],
                      "prev": Object {
                        "attribs": Object {
                          "id": "station-select",
                          "name": "stationID",
                          "type": "hidden",
                          "value": "",
                        },
                        "children": Array [],
                        "name": "input",
                        "namespace": "http://www.w3.org/1999/xhtml",
                        "next": [Circular],
                        "parent": [Circular],
                        "prev": Object {
                          "attribs": Object {
                            "aria-haspopup": "true",
                            "aria-pressed": "false",
                            "class": "MuiSelect-select-21 MuiSelect-selectMenu-24 MuiInputBase-input-50 MuiInput-input-35",
                            "role": "button",
                            "tabindex": "0",
                          },
                          "children": Array [
                            Object {
                              "attribs": Object {},
                              "children": Array [
                                Object {
                                  "data": "â€‹",
                                  "next": null,
                                  "parent": [Circular],
                                  "prev": null,
                                  "type": "text",
                                },
                              ],
                              "name": "span",
                              "namespace": "http://www.w3.org/1999/xhtml",
                              "next": null,
                              "parent": [Circular],
                              "prev": null,
                              "type": "tag",
                              "x-attribsNamespace": Object {},
                              "x-attribsPrefix": Object {},
                            },
                          ],
                          "name": "div",
                          "namespace": "http://www.w3.org/1999/xhtml",
                          "next": [Circular],
                          "parent": [Circular],
                          "prev": null,
                          "type": "tag",
                          "x-attribsNamespace": Object {
                            "aria-haspopup": undefined,
                            "aria-pressed": undefined,
                            "class": undefined,
                            "role": undefined,
                            "tabindex": undefined,
                          },
                          "x-attribsPrefix": Object {
                            "aria-haspopup": undefined,
                            "aria-pressed": undefined,
                            "class": undefined,
                            "role": undefined,
                            "tabindex": undefined,
                          },
                        },
                        "type": "tag",
                        "x-attribsNamespace": Object {
                          "id": undefined,
                          "name": undefined,
                          "type": undefined,
                          "value": undefined,
                        },
                        "x-attribsPrefix": Object {
                          "id": undefined,
                          "name": undefined,
                          "type": undefined,
                          "value": undefined,
                        },
                      },
                      "type": "tag",
                      "x-attribsNamespace": Object {
                        "aria-hidden": undefined,
                        "class": undefined,
                        "focusable": undefined,
                        "role": undefined,
                        "viewBox": undefined,
                      },
                      "x-attribsPrefix": Object {
                        "aria-hidden": undefined,
                        "class": undefined,
                        "focusable": undefined,
                        "role": undefined,
                        "viewBox": undefined,
                      },
                    },
                  ],
                  "name": "div",
                  "namespace": "http://www.w3.org/1999/xhtml",
                  "next": null,
                  "parent": [Circular],
                  "prev": null,
                  "type": "tag",
                  "x-attribsNamespace": Object {
                    "class": undefined,
                  },
                  "x-attribsPrefix": Object {
                    "class": undefined,
                  },
                },
              ],
              "name": "div",
              "namespace": "http://www.w3.org/1999/xhtml",
              "next": null,
              "parent": [Circular],
              "prev": [Circular],
              "type": "tag",
              "x-attribsNamespace": Object {
                "class": undefined,
              },
              "x-attribsPrefix": Object {
                "class": undefined,
              },
            },
            "parent": [Circular],
            "prev": null,
            "type": "tag",
            "x-attribsNamespace": Object {
              "class": undefined,
              "data-shrink": undefined,
              "for": undefined,
            },
            "x-attribsPrefix": Object {
              "class": undefined,
              "data-shrink": undefined,
              "for": undefined,
            },
          },
          Object {
            "attribs": Object {
              "class": "MuiInputBase-root-40 MuiInput-root-27 MuiInput-underline-31 MuiInputBase-formControl-41 MuiInput-formControl-28",
            },
            "children": Array [
              Object {
                "attribs": Object {
                  "class": "MuiSelect-root-20",
                },
                "children": Array [
                  Object {
                    "attribs": Object {
                      "aria-haspopup": "true",
                      "aria-pressed": "false",
                      "class": "MuiSelect-select-21 MuiSelect-selectMenu-24 MuiInputBase-input-50 MuiInput-input-35",
                      "role": "button",
                      "tabindex": "0",
                    },
                    "children": Array [
                      Object {
                        "attribs": Object {},
                        "children": Array [
                          Object {
                            "data": "â€‹",
                            "next": null,
                            "parent": [Circular],
                            "prev": null,
                            "type": "text",
                          },
                        ],
                        "name": "span",
                        "namespace": "http://www.w3.org/1999/xhtml",
                        "next": null,
                        "parent": [Circular],
                        "prev": null,
                        "type": "tag",
                        "x-attribsNamespace": Object {},
                        "x-attribsPrefix": Object {},
                      },
                    ],
                    "name": "div",
                    "namespace": "http://www.w3.org/1999/xhtml",
                    "next": Object {
                      "attribs": Object {
                        "id": "station-select",
                        "name": "stationID",
                        "type": "hidden",
                        "value": "",
                      },
                      "children": Array [],
                      "name": "input",
                      "namespace": "http://www.w3.org/1999/xhtml",
                      "next": Object {
                        "attribs": Object {
                          "aria-hidden": "true",
                          "class": "MuiSvgIcon-root-57 MuiSelect-icon-26",
                          "focusable": "false",
                          "role": "presentation",
                          "viewBox": "0 0 24 24",
                        },
                        "children": Array [
                          Object {
                            "attribs": Object {
                              "d": "M7 10l5 5 5-5z",
                            },
                            "children": Array [],
                            "name": "path",
                            "namespace": "http://www.w3.org/2000/svg",
                            "next": null,
                            "parent": [Circular],
                            "prev": null,
                            "type": "tag",
                            "x-attribsNamespace": Object {
                              "d": undefined,
                            },
                            "x-attribsPrefix": Object {
                              "d": undefined,
                            },
                          },
                        ],
                        "name": "svg",
                        "namespace": "http://www.w3.org/2000/svg",
                        "next": null,
                        "parent": [Circular],
                        "prev": [Circular],
                        "type": "tag",
                        "x-attribsNamespace": Object {
                          "aria-hidden": undefined,
                          "class": undefined,
                          "focusable": undefined,
                          "role": undefined,
                          "viewBox": undefined,
                        },
                        "x-attribsPrefix": Object {
                          "aria-hidden": undefined,
                          "class": undefined,
                          "focusable": undefined,
                          "role": undefined,
                          "viewBox": undefined,
                        },
                      },
                      "parent": [Circular],
                      "prev": [Circular],
                      "type": "tag",
                      "x-attribsNamespace": Object {
                        "id": undefined,
                        "name": undefined,
                        "type": undefined,
                        "value": undefined,
                      },
                      "x-attribsPrefix": Object {
                        "id": undefined,
                        "name": undefined,
                        "type": undefined,
                        "value": undefined,
                      },
                    },
                    "parent": [Circular],
                    "prev": null,
                    "type": "tag",
                    "x-attribsNamespace": Object {
                      "aria-haspopup": undefined,
                      "aria-pressed": undefined,
                      "class": undefined,
                      "role": undefined,
                      "tabindex": undefined,
                    },
                    "x-attribsPrefix": Object {
                      "aria-haspopup": undefined,
                      "aria-pressed": undefined,
                      "class": undefined,
                      "role": undefined,
                      "tabindex": undefined,
                    },
                  },
                  Object {
                    "attribs": Object {
                      "id": "station-select",
                      "name": "stationID",
                      "type": "hidden",
                      "value": "",
                    },
                    "children": Array [],
                    "name": "input",
                    "namespace": "http://www.w3.org/1999/xhtml",
                    "next": Object {
                      "attribs": Object {
                        "aria-hidden": "true",
                        "class": "MuiSvgIcon-root-57 MuiSelect-icon-26",
                        "focusable": "false",
                        "role": "presentation",
                        "viewBox": "0 0 24 24",
                      },
                      "children": Array [
                        Object {
                          "attribs": Object {
                            "d": "M7 10l5 5 5-5z",
                          },
                          "children": Array [],
                          "name": "path",
                          "namespace": "http://www.w3.org/2000/svg",
                          "next": null,
                          "parent": [Circular],
                          "prev": null,
                          "type": "tag",
                          "x-attribsNamespace": Object {
                            "d": undefined,
                          },
                          "x-attribsPrefix": Object {
                            "d": undefined,
                          },
                        },
                      ],
                      "name": "svg",
                      "namespace": "http://www.w3.org/2000/svg",
                      "next": null,
                      "parent": [Circular],
                      "prev": [Circular],
                      "type": "tag",
                      "x-attribsNamespace": Object {
                        "aria-hidden": undefined,
                        "class": undefined,
                        "focusable": undefined,
                        "role": undefined,
                        "viewBox": undefined,
                      },
                      "x-attribsPrefix": Object {
                        "aria-hidden": undefined,
                        "class": undefined,
                        "focusable": undefined,
                        "role": undefined,
                        "viewBox": undefined,
                      },
                    },
                    "parent": [Circular],
                    "prev": Object {
                      "attribs": Object {
                        "aria-haspopup": "true",
                        "aria-pressed": "false",
                        "class": "MuiSelect-select-21 MuiSelect-selectMenu-24 MuiInputBase-input-50 MuiInput-input-35",
                        "role": "button",
                        "tabindex": "0",
                      },
                      "children": Array [
                        Object {
                          "attribs": Object {},
                          "children": Array [
                            Object {
                              "data": "â€‹",
                              "next": null,
                              "parent": [Circular],
                              "prev": null,
                              "type": "text",
                            },
                          ],
                          "name": "span",
                          "namespace": "http://www.w3.org/1999/xhtml",
                          "next": null,
                          "parent": [Circular],
                          "prev": null,
                          "type": "tag",
                          "x-attribsNamespace": Object {},
                          "x-attribsPrefix": Object {},
                        },
                      ],
                      "name": "div",
                      "namespace": "http://www.w3.org/1999/xhtml",
                      "next": [Circular],
                      "parent": [Circular],
                      "prev": null,
                      "type": "tag",
                      "x-attribsNamespace": Object {
                        "aria-haspopup": undefined,
                        "aria-pressed": undefined,
                        "class": undefined,
                        "role": undefined,
                        "tabindex": undefined,
                      },
                      "x-attribsPrefix": Object {
                        "aria-haspopup": undefined,
                        "aria-pressed": undefined,
                        "class": undefined,
                        "role": undefined,
                        "tabindex": undefined,
                      },
                    },
                    "type": "tag",
                    "x-attribsNamespace": Object {
                      "id": undefined,
                      "name": undefined,
                      "type": undefined,
                      "value": undefined,
                    },
                    "x-attribsPrefix": Object {
                      "id": undefined,
                      "name": undefined,
                      "type": undefined,
                      "value": undefined,
                    },
                  },
                  Object {
                    "attribs": Object {
                      "aria-hidden": "true",
                      "class": "MuiSvgIcon-root-57 MuiSelect-icon-26",
                      "focusable": "false",
                      "role": "presentation",
                      "viewBox": "0 0 24 24",
                    },
                    "children": Array [
                      Object {
                        "attribs": Object {
                          "d": "M7 10l5 5 5-5z",
                        },
                        "children": Array [],
                        "name": "path",
                        "namespace": "http://www.w3.org/2000/svg",
                        "next": null,
                        "parent": [Circular],
                        "prev": null,
                        "type": "tag",
                        "x-attribsNamespace": Object {
                          "d": undefined,
                        },
                        "x-attribsPrefix": Object {
                          "d": undefined,
                        },
                      },
                    ],
                    "name": "svg",
                    "namespace": "http://www.w3.org/2000/svg",
                    "next": null,
                    "parent": [Circular],
                    "prev": Object {
                      "attribs": Object {
                        "id": "station-select",
                        "name": "stationID",
                        "type": "hidden",
                        "value": "",
                      },
                      "children": Array [],
                      "name": "input",
                      "namespace": "http://www.w3.org/1999/xhtml",
                      "next": [Circular],
                      "parent": [Circular],
                      "prev": Object {
                        "attribs": Object {
                          "aria-haspopup": "true",
                          "aria-pressed": "false",
                          "class": "MuiSelect-select-21 MuiSelect-selectMenu-24 MuiInputBase-input-50 MuiInput-input-35",
                          "role": "button",
                          "tabindex": "0",
                        },
                        "children": Array [
                          Object {
                            "attribs": Object {},
                            "children": Array [
                              Object {
                                "data": "â€‹",
                                "next": null,
                                "parent": [Circular],
                                "prev": null,
                                "type": "text",
                              },
                            ],
                            "name": "span",
                            "namespace": "http://www.w3.org/1999/xhtml",
                            "next": null,
                            "parent": [Circular],
                            "prev": null,
                            "type": "tag",
                            "x-attribsNamespace": Object {},
                            "x-attribsPrefix": Object {},
                          },
                        ],
                        "name": "div",
                        "namespace": "http://www.w3.org/1999/xhtml",
                        "next": [Circular],
                        "parent": [Circular],
                        "prev": null,
                        "type": "tag",
                        "x-attribsNamespace": Object {
                          "aria-haspopup": undefined,
                          "aria-pressed": undefined,
                          "class": undefined,
                          "role": undefined,
                          "tabindex": undefined,
                        },
                        "x-attribsPrefix": Object {
                          "aria-haspopup": undefined,
                          "aria-pressed": undefined,
                          "class": undefined,
                          "role": undefined,
                          "tabindex": undefined,
                        },
                      },
                      "type": "tag",
                      "x-attribsNamespace": Object {
                        "id": undefined,
                        "name": undefined,
                        "type": undefined,
                        "value": undefined,
                      },
                      "x-attribsPrefix": Object {
                        "id": undefined,
                        "name": undefined,
                        "type": undefined,
                        "value": undefined,
                      },
                    },
                    "type": "tag",
                    "x-attribsNamespace": Object {
                      "aria-hidden": undefined,
                      "class": undefined,
                      "focusable": undefined,
                      "role": undefined,
                      "viewBox": undefined,
                    },
                    "x-attribsPrefix": Object {
                      "aria-hidden": undefined,
                      "class": undefined,
                      "focusable": undefined,
                      "role": undefined,
                      "viewBox": undefined,
                    },
                  },
                ],
                "name": "div",
                "namespace": "http://www.w3.org/1999/xhtml",
                "next": null,
                "parent": [Circular],
                "prev": null,
                "type": "tag",
                "x-attribsNamespace": Object {
                  "class": undefined,
                },
                "x-attribsPrefix": Object {
                  "class": undefined,
                },
              },
            ],
            "name": "div",
            "namespace": "http://www.w3.org/1999/xhtml",
            "next": null,
            "parent": [Circular],
            "prev": Object {
              "attribs": Object {
                "class": "MuiFormLabel-root-13 MuiInputLabel-root-6 MuiInputLabel-formControl-7 MuiInputLabel-animated-10",
                "data-shrink": "false",
                "for": "station-select",
              },
              "children": Array [
                Object {
                  "data": "Station",
                  "next": null,
                  "parent": [Circular],
                  "prev": null,
                  "type": "text",
                },
              ],
              "name": "label",
              "namespace": "http://www.w3.org/1999/xhtml",
              "next": [Circular],
              "parent": [Circular],
              "prev": null,
              "type": "tag",
              "x-attribsNamespace": Object {
                "class": undefined,
                "data-shrink": undefined,
                "for": undefined,
              },
              "x-attribsPrefix": Object {
                "class": undefined,
                "data-shrink": undefined,
                "for": undefined,
              },
            },
            "type": "tag",
            "x-attribsNamespace": Object {
              "class": undefined,
            },
            "x-attribsPrefix": Object {
              "class": undefined,
            },
          },
        ],
        "name": "div",
        "namespace": "http://www.w3.org/1999/xhtml",
        "next": null,
        "parent": [Circular],
        "prev": null,
        "type": "tag",
        "x-attribsNamespace": Object {
          "class": undefined,
        },
        "x-attribsPrefix": Object {
          "class": undefined,
        },
      },
    ],
    "name": "div",
    "namespace": "http://www.w3.org/1999/xhtml",
    "next": null,
    "parent": null,
    "prev": null,
    "root": Object {
      "attribs": Object {},
      "children": Array [
        [Circular],
      ],
      "name": "root",
      "namespace": "http://www.w3.org/1999/xhtml",
      "next": null,
      "parent": null,
      "prev": null,
      "type": "root",
      "x-attribsNamespace": Object {},
      "x-attribsPrefix": Object {},
    },
    "type": "tag",
    "x-attribsNamespace": Object {},
    "x-attribsPrefix": Object {},
  },
  "_root": [Circular],
  "length": 1,
  "options": Object {
    "decodeEntities": true,
    "normalizeWhitespace": false,
    "withDomLvl1": true,
    "xml": false,
  },
}
`;
