// Jest Snapshot v1, https://goo.gl/fbAQLP

exports[`TankAdmin matches snapshot 1`] = `
ShallowWrapper {
  "length": 1,
  Symbol(enzyme.__root__): [Circular],
  Symbol(enzyme.__unrendered__): <WithStyles(TankAdmin)
    history={Object {}}
/>,
  Symbol(enzyme.__renderer__): Object {
    "batchedUpdates": [Function],
    "getNode": [Function],
    "render": [Function],
    "simulateEvent": [Function],
    "unmount": [Function],
  },
  Symbol(enzyme.__node__): Object {
    "instance": null,
    "key": undefined,
    "nodeType": "class",
    "props": Object {
      "classes": Object {
        "container": "TankAdmin-container-1",
        "headerCell": "TankAdmin-headerCell-3",
        "headerRow": "TankAdmin-headerRow-2",
        "listBox": "TankAdmin-listBox-4",
        "listCell": "TankAdmin-listCell-7",
        "listCellSmall": "TankAdmin-listCellSmall-8",
        "listContainer": "TankAdmin-listContainer-5",
        "listRow": "TankAdmin-listRow-6",
        "statusError": "TankAdmin-statusError-10",
        "statusOK": "TankAdmin-statusOK-9",
        "statusPending": "TankAdmin-statusPending-11",
        "statusProcessing": "TankAdmin-statusProcessing-12",
        "title": "TankAdmin-title-13",
      },
      "history": Object {},
    },
    "ref": null,
    "rendered": null,
    "type": [Function],
  },
  Symbol(enzyme.__nodes__): Array [
    Object {
      "instance": null,
      "key": undefined,
      "nodeType": "class",
      "props": Object {
        "classes": Object {
          "container": "TankAdmin-container-1",
          "headerCell": "TankAdmin-headerCell-3",
          "headerRow": "TankAdmin-headerRow-2",
          "listBox": "TankAdmin-listBox-4",
          "listCell": "TankAdmin-listCell-7",
          "listCellSmall": "TankAdmin-listCellSmall-8",
          "listContainer": "TankAdmin-listContainer-5",
          "listRow": "TankAdmin-listRow-6",
          "statusError": "TankAdmin-statusError-10",
          "statusOK": "TankAdmin-statusOK-9",
          "statusPending": "TankAdmin-statusPending-11",
          "statusProcessing": "TankAdmin-statusProcessing-12",
          "title": "TankAdmin-title-13",
        },
        "history": Object {},
      },
      "ref": null,
      "rendered": null,
      "type": [Function],
    },
  ],
  Symbol(enzyme.__options__): Object {
    "adapter": ReactSixteenAdapter {
      "options": Object {
        "enableComponentDidUpdateOnSetState": true,
      },
    },
  },
}
`;
