// Jest Snapshot v1, https://goo.gl/fbAQLP

exports[`ForgotPassword matches snapshot 1`] = `
ShallowWrapper {
  "length": 1,
  Symbol(enzyme.__root__): [Circular],
  Symbol(enzyme.__unrendered__): <WithStyles(ForgotPassword)
    authState="forgotPassword"
    onStateChange={[Function]}
/>,
  Symbol(enzyme.__renderer__): Object {
    "batchedUpdates": [Function],
    "getNode": [Function],
    "render": [Function],
    "simulateEvent": [Function],
    "unmount": [Function],
  },
  Symbol(enzyme.__node__): Object {
    "instance": null,
    "key": undefined,
    "nodeType": "class",
    "props": Object {
      "authState": "forgotPassword",
      "classes": Object {
        "container": "ForgotPassword-container-1",
        "formContainer": "ForgotPassword-formContainer-2",
        "formControl": "ForgotPassword-formControl-3",
        "returnButton": "ForgotPassword-returnButton-4",
        "submitButton": "ForgotPassword-submitButton-5",
      },
      "onStateChange": [Function],
    },
    "ref": null,
    "rendered": null,
    "type": [Function],
  },
  Symbol(enzyme.__nodes__): Array [
    Object {
      "instance": null,
      "key": undefined,
      "nodeType": "class",
      "props": Object {
        "authState": "forgotPassword",
        "classes": Object {
          "container": "ForgotPassword-container-1",
          "formContainer": "ForgotPassword-formContainer-2",
          "formControl": "ForgotPassword-formControl-3",
          "returnButton": "ForgotPassword-returnButton-4",
          "submitButton": "ForgotPassword-submitButton-5",
        },
        "onStateChange": [Function],
      },
      "ref": null,
      "rendered": null,
      "type": [Function],
    },
  ],
  Symbol(enzyme.__options__): Object {
    "adapter": ReactSixteenAdapter {
      "options": Object {
        "enableComponentDidUpdateOnSetState": true,
      },
    },
  },
}
`;
