// Jest Snapshot v1, https://goo.gl/fbAQLP

exports[`Error matches snapshot 1`] = `
initialize {
  "0": Object {
    "attribs": Object {
      "class": "Error-base-1 Error-warning-5",
    },
    "children": Array [
      Object {
        "attribs": Object {
          "aria-hidden": "true",
          "class": "material-icons MuiIcon-root-7 MuiIcon-colorSecondary-9 Error-icon-6",
        },
        "children": Array [
          Object {
            "data": "close",
            "next": null,
            "parent": [Circular],
            "prev": null,
            "type": "text",
          },
        ],
        "name": "span",
        "namespace": "http://www.w3.org/1999/xhtml",
        "next": null,
        "parent": [Circular],
        "prev": null,
        "type": "tag",
        "x-attribsNamespace": Object {
          "aria-hidden": undefined,
          "class": undefined,
        },
        "x-attribsPrefix": Object {
          "aria-hidden": undefined,
          "class": undefined,
        },
      },
    ],
    "name": "div",
    "namespace": "http://www.w3.org/1999/xhtml",
    "next": null,
    "parent": null,
    "prev": null,
    "root": Object {
      "attribs": Object {},
      "children": Array [
        [Circular],
      ],
      "name": "root",
      "namespace": "http://www.w3.org/1999/xhtml",
      "next": null,
      "parent": null,
      "prev": null,
      "type": "root",
      "x-attribsNamespace": Object {},
      "x-attribsPrefix": Object {},
    },
    "type": "tag",
    "x-attribsNamespace": Object {
      "class": undefined,
    },
    "x-attribsPrefix": Object {
      "class": undefined,
    },
  },
  "_root": [Circular],
  "length": 1,
  "options": Object {
    "decodeEntities": true,
    "normalizeWhitespace": false,
    "withDomLvl1": true,
    "xml": false,
  },
}
`;
