// Jest Snapshot v1, https://goo.gl/fbAQLP

exports[`Profile matches snapshot 1`] = `
ShallowWrapper {
  "length": 1,
  Symbol(enzyme.__root__): [Circular],
  Symbol(enzyme.__unrendered__): <WithStyles(Profile)
    history={
        Object {
            "location": Object {
              "pathname": "/",
            },
          }
    }
/>,
  Symbol(enzyme.__renderer__): Object {
    "batchedUpdates": [Function],
    "getNode": [Function],
    "render": [Function],
    "simulateEvent": [Function],
    "unmount": [Function],
  },
  Symbol(enzyme.__node__): Object {
    "instance": null,
    "key": undefined,
    "nodeType": "class",
    "props": Object {
      "classes": Object {
        "additionalButton": "Profile-additionalButton-7",
        "appBar": "Profile-appBar-1",
        "container": "Profile-container-2",
        "formContainer": "Profile-formContainer-4",
        "formControl": "Profile-formControl-5",
        "paper": "Profile-paper-3",
        "submitButton": "Profile-submitButton-6",
      },
      "history": Object {
        "location": Object {
          "pathname": "/",
        },
      },
    },
    "ref": null,
    "rendered": null,
    "type": [Function],
  },
  Symbol(enzyme.__nodes__): Array [
    Object {
      "instance": null,
      "key": undefined,
      "nodeType": "class",
      "props": Object {
        "classes": Object {
          "additionalButton": "Profile-additionalButton-7",
          "appBar": "Profile-appBar-1",
          "container": "Profile-container-2",
          "formContainer": "Profile-formContainer-4",
          "formControl": "Profile-formControl-5",
          "paper": "Profile-paper-3",
          "submitButton": "Profile-submitButton-6",
        },
        "history": Object {
          "location": Object {
            "pathname": "/",
          },
        },
      },
      "ref": null,
      "rendered": null,
      "type": [Function],
    },
  ],
  Symbol(enzyme.__options__): Object {
    "adapter": ReactSixteenAdapter {
      "options": Object {
        "enableComponentDidUpdateOnSetState": true,
      },
    },
  },
}
`;
