// Jest Snapshot v1, https://goo.gl/fbAQLP

exports[`PropaneForm matches snapshot 1`] = `
ShallowWrapper {
  "length": 1,
  Symbol(enzyme.__root__): [Circular],
  Symbol(enzyme.__unrendered__): <WithStyles(PropaneForm)
    dirty={false}
    handleChange={[Function]}
    handleSubmit={[Function]}
    history={Object {}}
    isSubmitting={false}
    location={Object {}}
    values={Object {}}
/>,
  Symbol(enzyme.__renderer__): Object {
    "batchedUpdates": [Function],
    "getNode": [Function],
    "render": [Function],
    "simulateEvent": [Function],
    "unmount": [Function],
  },
  Symbol(enzyme.__node__): Object {
    "instance": null,
    "key": undefined,
    "nodeType": "class",
    "props": Object {
      "classes": Object {
        "alignCenter": "PropaneForm-alignCenter-2",
        "alignRight": "PropaneForm-alignRight-1",
        "container": "PropaneForm-container-3",
        "dataCell": "PropaneForm-dataCell-4",
        "dataRow": "PropaneForm-dataRow-5",
        "delButton": "PropaneForm-delButton-6",
        "iconSmall": "PropaneForm-iconSmall-8",
        "leftIcon": "PropaneForm-leftIcon-7",
        "submitButton": "PropaneForm-submitButton-9",
      },
      "dirty": false,
      "handleChange": [Function],
      "handleSubmit": [Function],
      "history": Object {},
      "isSubmitting": false,
      "location": Object {},
      "values": Object {},
    },
    "ref": null,
    "rendered": null,
    "type": [Function],
  },
  Symbol(enzyme.__nodes__): Array [
    Object {
      "instance": null,
      "key": undefined,
      "nodeType": "class",
      "props": Object {
        "classes": Object {
          "alignCenter": "PropaneForm-alignCenter-2",
          "alignRight": "PropaneForm-alignRight-1",
          "container": "PropaneForm-container-3",
          "dataCell": "PropaneForm-dataCell-4",
          "dataRow": "PropaneForm-dataRow-5",
          "delButton": "PropaneForm-delButton-6",
          "iconSmall": "PropaneForm-iconSmall-8",
          "leftIcon": "PropaneForm-leftIcon-7",
          "submitButton": "PropaneForm-submitButton-9",
        },
        "dirty": false,
        "handleChange": [Function],
        "handleSubmit": [Function],
        "history": Object {},
        "isSubmitting": false,
        "location": Object {},
        "values": Object {},
      },
      "ref": null,
      "rendered": null,
      "type": [Function],
    },
  ],
  Symbol(enzyme.__options__): Object {
    "adapter": ReactSixteenAdapter {
      "options": Object {
        "enableComponentDidUpdateOnSetState": true,
      },
    },
  },
}
`;
